23 0
23.2 1
23.4 8
23.6 6
23.8 23
24 42
24.2 82
24.4 111
24.6 196
24.8 275
25 369
25.2 427
25.4 500
25.6 579
25.8 623
26 634
26.2 511
26.4 493
26.6 414
26.8 393
27 327
27.2 241
27.4 207
27.6 148
27.8 64
28 38
28.2 29
28.4 6
28.6 5
28.8 5
29 1
29.2 2
