23 0
23.2 7.39645e+15
23.4 5.91716e+16
23.6 4.43787e+16
23.8 1.70118e+17
24 3.10651e+17
24.2 6.06509e+17
24.4 8.21006e+17
24.6 1.4497e+18
24.8 2.03402e+18
25 2.72929e+18
25.2 3.15828e+18
25.4 3.69822e+18
25.6 4.28254e+18
25.8 4.60799e+18
26 4.68935e+18
26.2 3.77959e+18
26.4 3.64645e+18
26.6 3.06213e+18
26.8 2.9068e+18
27 2.41864e+18
27.2 1.78254e+18
27.4 1.53107e+18
27.6 1.09467e+18
27.8 4.73373e+17
28 2.81065e+17
28.2 2.14497e+17
28.4 4.43787e+16
28.6 3.69822e+16
28.8 3.69822e+16
29 7.39645e+15
29.2 1.47929e+16
